../Core/Src/main.c:80:6:microDelay	16	static
../Core/Src/main.c:85:6:Display_Temp	40	static
../Core/Src/main.c:94:6:Display_Rh	40	static
../Core/Src/main.c:104:9:DHT11_Start	32	static
../Core/Src/main.c:135:9:DHT11_Read	16	static
../Core/Src/main.c:166:5:main	16	static
../Core/Src/main.c:263:6:SystemClock_Config	88	static
../Core/Src/main.c:310:13:MX_I2C1_Init	8	static
../Core/Src/main.c:344:13:MX_SPI1_Init	8	static
../Core/Src/main.c:382:13:MX_TIM1_Init	32	static
../Core/Src/main.c:428:13:MX_TIM2_Init	48	static
../Core/Src/main.c:487:13:MX_GPIO_Init	40	static
../Core/Src/main.c:530:6:Error_Handler	4	static,ignoring_inline_asm
